============================================================
  Generated by:           Genus(TM) Synthesis Solution 21.14-s082_1
  Generated on:           Sep 29 2026  01:03:14 pm
  Module:                 comparator_4bit_top
  Operating conditions:   slow (balanced_tree)
  Wireload mode:          enclosed
  Area mode:              timing library
============================================================

      Instance            Module        Cell Count  Cell Area  Net Area   Total Area   Wireload  
-------------------------------------------------------------------------------------------------
comparator_4bit_top                             33    412.474     0.000      412.474 <none> (D)  
  COMP              comparator_4bit             33    412.474     0.000      412.474 <none> (D)  
    C0              comparator_1bit_15           6     73.181     0.000       73.181 <none> (D)  
      A1            and_gate_9                   1     13.306     0.000       13.306 <none> (D)  
      A2            and_gate_8                   1     13.306     0.000       13.306 <none> (D)  
      X1            xor_gate_18                  1     26.611     0.000       26.611 <none> (D)  
    C1              comparator_1bit_16           6     73.181     0.000       73.181 <none> (D)  
      A1            and_gate_11                  1     13.306     0.000       13.306 <none> (D)  
      A2            and_gate_10                  1     13.306     0.000       13.306 <none> (D)  
      X1            xor_gate_19                  1     26.611     0.000       26.611 <none> (D)  
    C2              comparator_1bit_17           6     73.181     0.000       73.181 <none> (D)  
      A1            and_gate_13                  1     13.306     0.000       13.306 <none> (D)  
      A2            and_gate_12                  1     13.306     0.000       13.306 <none> (D)  
      X1            xor_gate_20                  1     26.611     0.000       26.611 <none> (D)  
    C3              comparator_1bit              6     73.181     0.000       73.181 <none> (D)  
      A1            and_gate                     1     13.306     0.000       13.306 <none> (D)  
      A2            and_gate_14                  1     13.306     0.000       13.306 <none> (D)  
      X1            xor_gate                     1     26.611     0.000       26.611 <none> (D)  
  (D) = wireload is default in technology library
