============================================================
  Generated by:           Genus(TM) Synthesis Solution 21.14-s082_1
  Generated on:           Sep 29 2026  01:03:14 pm
  Module:                 comparator_4bit_top
  Operating conditions:   slow (balanced_tree)
  Wireload mode:          enclosed
  Area mode:              timing library
============================================================

                            
  Gate   Instances   Area    Library  
--------------------------------------
AND2X1          11  146.362    tsmc18 
AOI21XL          2   26.611    tsmc18 
AOI22XL          2   33.264    tsmc18 
INVXL           12   79.834    tsmc18 
NAND2XL          2   19.958    tsmc18 
XOR2XL           4  106.445    tsmc18 
--------------------------------------
total           33  412.474           


                                        
     Type      Instances   Area  Area % 
----------------------------------------
inverter              12  79.834   19.4 
logic                 21 332.640   80.6 
physical_cells         0   0.000    0.0 
----------------------------------------
total                 33 412.474  100.0 

