============================================================
  Generated by:           Genus(TM) Synthesis Solution 21.14-s082_1
  Generated on:           Sep 29 2026  01:03:14 pm
  Module:                 comparator_4bit_top
  Operating conditions:   slow (balanced_tree)
  Wireload mode:          enclosed
  Area mode:              timing library
============================================================

 
  Hierarchy Report Format : 
 
    level instance ( module ) <status>
 
    status :    preserve_<value> -- indicating preserve hierachy or inherited_preserve value
           :    blackbox --  indicating  unresolved instance
 
==================================================================

 0 comparator_4bit_top
  1 COMP ( comparator_4bit ) 
     2 C0 ( comparator_1bit_15 ) 
        3 A1 ( and_gate_9 ) 
        3 A2 ( and_gate_8 ) 
        3 X1 ( xor_gate_18 ) 
     2 C1 ( comparator_1bit_16 ) 
        3 A1 ( and_gate_11 ) 
        3 A2 ( and_gate_10 ) 
        3 X1 ( xor_gate_19 ) 
     2 C2 ( comparator_1bit_17 ) 
        3 A1 ( and_gate_13 ) 
        3 A2 ( and_gate_12 ) 
        3 X1 ( xor_gate_20 ) 
     2 C3 ( comparator_1bit ) 
        3 A1 ( and_gate ) 
        3 A2 ( and_gate_14 ) 
        3 X1 ( xor_gate ) 
