============================================================
  Generated by:           Genus(TM) Synthesis Solution 21.14-s082_1
  Generated on:           Sep 29 2026  01:03:14 pm
  Module:                 comparator_4bit_top
  Operating conditions:   slow (balanced_tree)
  Wireload mode:          enclosed
  Area mode:              timing library
============================================================

Timing
-------
  Cost    Critical         Violating 
 Group   Path Slack  TNS     Paths   
-------------------------------------
default    No paths   0.0            
-------------------------------------
Total                 0.0          0 

Instance Count
--------------
Leaf Instance Count             33 
Physical Instance count          0 
Sequential Instance Count        0 
Combinational Instance Count    33 
Hierarchical Instance Count     17 

Area
----
Cell Area                          412.474
Physical Cell Area                 0.000
Total Cell Area (Cell+Physical)    412.474
Net Area                           0.000
Total Area (Cell+Physical+Net)     412.474

Max Fanout                         3 (B[3])
Min Fanout                         1 (LT)
Average Fanout                     1.5
Terms to net ratio                 2.2683
Terms to instance ratio            2.8182
Runtime                            5.983816 seconds
Elapsed Runtime                    7 seconds
Genus peak memory usage            1521.07 
Innovus peak memory usage          no_value 
Hostname                           localhost
