============================================================
  Generated by:           Genus(TM) Synthesis Solution 21.14-s082_1
  Generated on:           Sep 29 2026  01:03:13 pm
  Module:                 comparator_4bit_top
  Operating conditions:   slow (balanced_tree)
  Wireload mode:          enclosed
  Area mode:              timing library
============================================================


Path 1: UNCONSTRAINED
     Startpoint: (R) A[3]
       Endpoint: (R) LT

                   Capture    Launch  
      Drv Adjust:+       0         0  
                                      
       Data Path:-    1080            

#-----------------------------------------------------------------------------------------------
#     Timing Point       Flags   Arc   Edge   Cell     Fanout Load Trans Delay Arrival Instance 
#                                                             (fF)  (ps)  (ps)   (ps)  Location 
#-----------------------------------------------------------------------------------------------
  A[3]                   -       -     R     (arrival)      3  6.7     0     0       0    (-,-) 
  COMP/C3/X1/g13__5122/Y -       B->Y  F     XOR2XL         1  2.6   113   318     318    (-,-) 
  COMP/C3/g4/Y           -       A->Y  R     INVXL          3  8.1   180   134     452    (-,-) 
  COMP/g159__9315/Y      -       A->Y  R     AND2X1         3  8.1   154   225     676    (-,-) 
  COMP/g156__7482/Y      -       A->Y  R     AND2X1         3  8.7   161   225     902    (-,-) 
  COMP/g153__6131/Y      -       A0->Y F     AOI22XL        1  2.8   153    88     990    (-,-) 
  COMP/g152__7098/Y      -       B->Y  R     NAND2XL        1  0.0    78    90    1080    (-,-) 
  LT                     -       -     R     (port)         -    -     -     0    1080    (-,-) 
#-----------------------------------------------------------------------------------------------

